// Jest Snapshot v1, https://goo.gl/fbAQLP

exports[`DayMenuComponent should accept parameters 1`] = `
Array [
  <div
    className="day-block"
  >
    <DayComponent
      value="Sunday"
    />
    <MealComponent
      name="Food"
      type="breakfast"
    />
    <MealComponent
      name="Food"
      type="lunch"
    />
  </div>,
]
`;
